Archive member included to satisfy reference by file (symbol)

C:/ST/STM32CubeCLT_1.19.0/GNU-tools-for-STM32/bin/../lib/gcc/arm-none-eabi/13.3.1/../../../../arm-none-eabi/lib/thumb/v7e-m+fp/hard\libc.a(libc_a-exit.o)
                              C:/ST/STM32CubeCLT_1.19.0/GNU-tools-for-STM32/bin/../lib/gcc/arm-none-eabi/13.3.1/../../../../arm-none-eabi/lib/thumb/v7e-m+fp/hard/crt0.o (exit)
C:/ST/STM32CubeCLT_1.19.0/GNU-tools-for-STM32/bin/../lib/gcc/arm-none-eabi/13.3.1/../../../../arm-none-eabi/lib/thumb/v7e-m+fp/hard\libc.a(libc_a-findfp.o)
                              C:/ST/STM32CubeCLT_1.19.0/GNU-tools-for-STM32/bin/../lib/gcc/arm-none-eabi/13.3.1/../../../../arm-none-eabi/lib/thumb/v7e-m+fp/hard\libc.a(libc_a-exit.o) (__stdio_exit_handler)
C:/ST/STM32CubeCLT_1.19.0/GNU-tools-for-STM32/bin/../lib/gcc/arm-none-eabi/13.3.1/../../../../arm-none-eabi/lib/thumb/v7e-m+fp/hard\libc.a(libc_a-fwalk.o)
                              C:/ST/STM32CubeCLT_1.19.0/GNU-tools-for-STM32/bin/../lib/gcc/arm-none-eabi/13.3.1/../../../../arm-none-eabi/lib/thumb/v7e-m+fp/hard\libc.a(libc_a-findfp.o) (_fwalk_sglue)
C:/ST/STM32CubeCLT_1.19.0/GNU-tools-for-STM32/bin/../lib/gcc/arm-none-eabi/13.3.1/../../../../arm-none-eabi/lib/thumb/v7e-m+fp/hard\libc.a(libc_a-stdio.o)
                              C:/ST/STM32CubeCLT_1.19.0/GNU-tools-for-STM32/bin/../lib/gcc/arm-none-eabi/13.3.1/../../../../arm-none-eabi/lib/thumb/v7e-m+fp/hard\libc.a(libc_a-findfp.o) (__sread)
C:/ST/STM32CubeCLT_1.19.0/GNU-tools-for-STM32/bin/../lib/gcc/arm-none-eabi/13.3.1/../../../../arm-none-eabi/lib/thumb/v7e-m+fp/hard\libc.a(libc_a-memset.o)
                              C:/ST/STM32CubeCLT_1.19.0/GNU-tools-for-STM32/bin/../lib/gcc/arm-none-eabi/13.3.1/../../../../arm-none-eabi/lib/thumb/v7e-m+fp/hard/crt0.o (memset)
C:/ST/STM32CubeCLT_1.19.0/GNU-tools-for-STM32/bin/../lib/gcc/arm-none-eabi/13.3.1/../../../../arm-none-eabi/lib/thumb/v7e-m+fp/hard\libc.a(libc_a-closer.o)
                              C:/ST/STM32CubeCLT_1.19.0/GNU-tools-for-STM32/bin/../lib/gcc/arm-none-eabi/13.3.1/../../../../arm-none-eabi/lib/thumb/v7e-m+fp/hard\libc.a(libc_a-stdio.o) (_close_r)
C:/ST/STM32CubeCLT_1.19.0/GNU-tools-for-STM32/bin/../lib/gcc/arm-none-eabi/13.3.1/../../../../arm-none-eabi/lib/thumb/v7e-m+fp/hard\libc.a(libc_a-reent.o)
                              C:/ST/STM32CubeCLT_1.19.0/GNU-tools-for-STM32/bin/../lib/gcc/arm-none-eabi/13.3.1/../../../../arm-none-eabi/lib/thumb/v7e-m+fp/hard\libc.a(libc_a-closer.o) (errno)
C:/ST/STM32CubeCLT_1.19.0/GNU-tools-for-STM32/bin/../lib/gcc/arm-none-eabi/13.3.1/../../../../arm-none-eabi/lib/thumb/v7e-m+fp/hard\libc.a(libc_a-impure.o)
                              C:/ST/STM32CubeCLT_1.19.0/GNU-tools-for-STM32/bin/../lib/gcc/arm-none-eabi/13.3.1/../../../../arm-none-eabi/lib/thumb/v7e-m+fp/hard\libc.a(libc_a-reent.o) (_impure_ptr)
C:/ST/STM32CubeCLT_1.19.0/GNU-tools-for-STM32/bin/../lib/gcc/arm-none-eabi/13.3.1/../../../../arm-none-eabi/lib/thumb/v7e-m+fp/hard\libc.a(libc_a-lseekr.o)
                              C:/ST/STM32CubeCLT_1.19.0/GNU-tools-for-STM32/bin/../lib/gcc/arm-none-eabi/13.3.1/../../../../arm-none-eabi/lib/thumb/v7e-m+fp/hard\libc.a(libc_a-stdio.o) (_lseek_r)
C:/ST/STM32CubeCLT_1.19.0/GNU-tools-for-STM32/bin/../lib/gcc/arm-none-eabi/13.3.1/../../../../arm-none-eabi/lib/thumb/v7e-m+fp/hard\libc.a(libc_a-readr.o)
                              C:/ST/STM32CubeCLT_1.19.0/GNU-tools-for-STM32/bin/../lib/gcc/arm-none-eabi/13.3.1/../../../../arm-none-eabi/lib/thumb/v7e-m+fp/hard\libc.a(libc_a-stdio.o) (_read_r)
C:/ST/STM32CubeCLT_1.19.0/GNU-tools-for-STM32/bin/../lib/gcc/arm-none-eabi/13.3.1/../../../../arm-none-eabi/lib/thumb/v7e-m+fp/hard\libc.a(libc_a-writer.o)
                              C:/ST/STM32CubeCLT_1.19.0/GNU-tools-for-STM32/bin/../lib/gcc/arm-none-eabi/13.3.1/../../../../arm-none-eabi/lib/thumb/v7e-m+fp/hard\libc.a(libc_a-stdio.o) (_write_r)
C:/ST/STM32CubeCLT_1.19.0/GNU-tools-for-STM32/bin/../lib/gcc/arm-none-eabi/13.3.1/../../../../arm-none-eabi/lib/thumb/v7e-m+fp/hard\libc.a(libc_a-init.o)
                              C:/ST/STM32CubeCLT_1.19.0/GNU-tools-for-STM32/bin/../lib/gcc/arm-none-eabi/13.3.1/../../../../arm-none-eabi/lib/thumb/v7e-m+fp/hard/crt0.o (__libc_init_array)
C:/ST/STM32CubeCLT_1.19.0/GNU-tools-for-STM32/bin/../lib/gcc/arm-none-eabi/13.3.1/../../../../arm-none-eabi/lib/thumb/v7e-m+fp/hard\libc.a(libc_a-lock.o)
                              C:/ST/STM32CubeCLT_1.19.0/GNU-tools-for-STM32/bin/../lib/gcc/arm-none-eabi/13.3.1/../../../../arm-none-eabi/lib/thumb/v7e-m+fp/hard\libc.a(libc_a-findfp.o) (__retarget_lock_init_recursive)
C:/ST/STM32CubeCLT_1.19.0/GNU-tools-for-STM32/bin/../lib/gcc/arm-none-eabi/13.3.1/../../../../arm-none-eabi/lib/thumb/v7e-m+fp/hard\libc.a(libc_a-__call_atexit.o)
[...]
Memory Configuration

Name             Origin             Length             Attributes
SRAM2            0x10000000         0x00008000         xrw
RAM              0x20000000         0x00018000         xrw
FLASH            0x08000000         0x00100000         xr
*default*        0x00000000         0xffffffff

Linker script and memory map

LOAD C:/ST/STM32CubeCLT_1.19.0/GNU-tools-for-STM32/bin/../lib/gcc/arm-none-eabi/13.3.1/thumb/v7e-m+fp/hard/crti.o
LOAD C:/ST/STM32CubeCLT_1.19.0/GNU-tools-for-STM32/bin/../lib/gcc/arm-none-eabi/13.3.1/thumb/v7e-m+fp/hard/crtbegin.o
LOAD C:/ST/STM32CubeCLT_1.19.0/GNU-tools-for-STM32/bin/../lib/gcc/arm-none-eabi/13.3.1/../../../../arm-none-eabi/lib/thumb/v7e-m+fp/hard/crt0.o
START GROUP
LOAD C:/ST/STM32CubeCLT_1.19.0/GNU-tools-for-STM32/bin/../lib/gcc/arm-none-eabi/13.3.1/../../../../arm-none-eabi/lib/thumb/v7e-m+fp/hard\libc.a
LOAD C:/ST/STM32CubeCLT_1.19.0/GNU-tools-for-STM32/bin/../lib/gcc/arm-none-eabi/13.3.1/../../../../arm-none-eabi/lib/thumb/v7e-m+fp/hard\libm.a
LOAD C:/ST/STM32CubeCLT_1.19.0/GNU-tools-for-STM32/bin/../lib/gcc/arm-none-eabi/13.3.1/../../../../arm-none-eabi/lib/thumb/v7e-m+fp/hard\libstdc++.a
LOAD C:/ST/STM32CubeCLT_1.19.0/GNU-tools-for-STM32/bin/../lib/gcc/arm-none-eabi/13.3.1/../../../../arm-none-eabi/lib/thumb/v7e-m+fp/hard\libsupc++.a
END GROUP
LOAD CMakeFiles/Room_control_bMetal.dir/Src/uart.c.obj
LOAD CMakeFiles/Room_control_bMetal.dir/Src/tim.c.obj
LOAD CMakeFiles/Room_control_bMetal.dir/Src/room_control.c.obj
LOAD CMakeFiles/Room_control_bMetal.dir/Src/gpio.c.obj
LOAD CMakeFiles/Room_control_bMetal.dir/Src/rcc.c.obj
LOAD CMakeFiles/Room_control_bMetal.dir/Src/systick.c.obj
LOAD CMakeFiles/Room_control_bMetal.dir/Src/main.c.obj
LOAD CMakeFiles/Room_control_bMetal.dir/Src/syscall.c.obj
LOAD CMakeFiles/Room_control_bMetal.dir/Src/sysmem.c.obj
LOAD CMakeFiles/Room_control_bMetal.dir/Startup/startup_stm32l476rgtx.s.obj
LOAD CMakeFiles/Room_control_bMetal.dir/Src/nvic.c.obj
START GROUP
LOAD C:/ST/STM32CubeCLT_1.19.0/GNU-tools-for-STM32/bin/../lib/gcc/arm-none-eabi/13.3.1/thumb/v7e-m+fp/hard\libgcc.a
LOAD C:/ST/STM32CubeCLT_1.19.0/GNU-tools-for-STM32/bin/../lib/gcc/arm-none-eabi/13.3.1/../../../../arm-none-eabi/lib/thumb/v7e-m+fp/hard\libg.a
LOAD C:/ST/STM32CubeCLT_1.19.0/GNU-tools-for-STM32/bin/../lib/gcc/arm-none-eabi/13.3.1/../../../../arm-none-eabi/lib/thumb/v7e-m+fp/hard\libc.a
END GROUP
START GROUP
LOAD C:/ST/STM32CubeCLT_1.19.0/GNU-tools-for-STM32/bin/../lib/gcc/arm-none-eabi/13.3.1/thumb/v7e-m+fp/hard\libgcc.a
LOAD C:/ST/STM32CubeCLT_1.19.0/GNU-tools-for-STM32/bin/../lib/gcc/arm-none-eabi/13.3.1/../../../../arm-none-eabi/lib/thumb/v7e-m+fp/hard\libc.a
LOAD C:/ST/STM32CubeCLT_1.19.0/GNU-tools-for-STM32/bin/../lib/gcc/arm-none-eabi/13.3.1/../../../../arm-none-eabi/lib/thumb/v7e-m+fp/hard\libnosys.a
END GROUP
LOAD C:/ST/STM32CubeCLT_1.19.0/GNU-tools-for-STM32/bin/../lib/gcc/arm-none-eabi/13.3.1/thumb/v7e-m+fp/hard/crtend.o
LOAD C:/ST/STM32CubeCLT_1.19.0/GNU-tools-for-STM32/bin/../lib/gcc/arm-none-eabi/13.3.1/thumb/v7e-m+fp/hard/crtn.o
                0x20018000                        _estack = (ORIGIN (RAM) + LENGTH (RAM))
                0x00000200                        _Min_Heap_Size = 0x200
                0x00000400                        _Min_Stack_Size = 0x400

.isr_vector     0x08000000      0x18c
                0x08000000                        . = ALIGN (0x4)
 *(.isr_vector)
 .isr_vector    0x08000000      0x18c CMakeFiles/Room_control_bMetal.dir/Startup/startup_stm32l476rgtx.s.obj
                0x08000000                g_pfnVectors
                0x0800018c                        . = ALIGN (0x4)

.text           0x0800018c      0x784
                0x0800018c                        . = ALIGN (0x4)
 *(.text)
 .text          0x0800018c       0x40 C:/ST/STM32CubeCLT_1.19.0/GNU-tools-for-STM32/bin/../lib/gcc/arm-none-eabi/13.3.1/thumb/v7e-m+fp/hard/crtbegin.o
 *(.text*)
 .text.__libc_init_array
                0x080001cc       0x48 C:/ST/STM32CubeCLT_1.19.0/GNU-tools-for-STM32/bin/../lib/gcc/arm-none-eabi/13.3.1/../../../../arm-none-eabi/lib/thumb/v7e-m+fp/hard\libc.a(libc_a-init.o)
                0x080001cc                __libc_init_array
 .text.__retarget_lock_acquire_recursive
                0x08000214        0x2 C:/ST/STM32CubeCLT_1.19.0/GNU-tools-for-STM32/bin/../lib/gcc/arm-none-eabi/13.3.1/../../../../arm-none-eabi/lib/thumb/v7e-m+fp/hard\libc.a(libc_a-lock.o)
                0x08000214                __retarget_lock_acquire_recursive
 .text.__retarget_lock_release_recursive
                0x08000216        0x2 C:/ST/STM32CubeCLT_1.19.0/GNU-tools-for-STM32/bin/../lib/gcc/arm-none-eabi/13.3.1/../../../../arm-none-eabi/lib/thumb/v7e-m+fp/hard\libc.a(libc_a-lock.o)
                0x08000216                __retarget_lock_release_recursive
 .text.startup.register_fini
                0x08000218       0x14 C:/ST/STM32CubeCLT_1.19.0/GNU-tools-for-STM32/bin/../lib/gcc/arm-none-eabi/13.3.1/../../../../arm-none-eabi/lib/thumb/v7e-m+fp/hard\libc.a(libc_a-__call_atexit.o)
 .text.atexit   0x0800022c        0xc C:/ST/STM32CubeCLT_1.19.0/GNU-tools-for-STM32/bin/../lib/gcc/arm-none-eabi/13.3.1/../../../../arm-none-eabi/lib/thumb/v7e-m+fp/hard\libc.a(libc_a-atexit.o)
                0x0800022c                atexit
 .text.__libc_fini_array
                0x08000238       0x28 C:/ST/STM32CubeCLT_1.19.0/GNU-tools-for-STM32/bin/../lib/gcc/arm-none-eabi/13.3.1/../../../../arm-none-eabi/lib/thumb/v7e-m+fp/hard\libc.a(libc_a-fini.o)
                0x08000238                __libc_fini_array
 .text.__register_exitproc
                0x08000260       0x80 C:/ST/STM32CubeCLT_1.19.0/GNU-tools-for-STM32/bin/../lib/gcc/arm-none-eabi/13.3.1/../../../../arm-none-eabi/lib/thumb/v7e-m+fp/hard\libc.a(libc_a-__atexit.o)
                0x08000260                __register_exitproc
 .text.init_uart
                0x080002e0       0x28 CMakeFiles/Room_control_bMetal.dir/Src/uart.c.obj
                0x080002e0                init_uart
 .text.uart_send
                0x08000308       0x14 CMakeFiles/Room_control_bMetal.dir/Src/uart.c.obj
                0x08000308                uart_send
 .text.uart_send_string
                0x0800031c       0x14 CMakeFiles/Room_control_bMetal.dir/Src/uart.c.obj
                0x0800031c                uart_send_string
 .text.tim3_ch1_pwm_init
                0x08000330       0x44 CMakeFiles/Room_control_bMetal.dir/Src/tim.c.obj
                0x08000330                tim3_ch1_pwm_init
 .text.tim3_ch1_pwm_set_duty_cycle
                0x08000374       0x24 CMakeFiles/Room_control_bMetal.dir/Src/tim.c.obj
                0x08000374                tim3_ch1_pwm_set_duty_cycle
 .text.room_control_app_init
                0x08000398       0x40 CMakeFiles/Room_control_bMetal.dir/Src/room_control.c.obj
                0x08000398                room_control_app_init
 .text.room_control_on_button_press
                0x080003d8       0x60 CMakeFiles/Room_control_bMetal.dir/Src/room_control.c.obj
                0x080003d8                room_control_on_button_press
 .text.room_control_on_uart_receive
                0x08000438      0x178 CMakeFiles/Room_control_bMetal.dir/Src/room_control.c.obj
                0x08000438                room_control_on_uart_receive
 .text.room_control_update
                0x080005b0       0x4c CMakeFiles/Room_control_bMetal.dir/Src/room_control.c.obj
                0x080005b0                room_control_update
 .text.init_gpio
                0x080005fc       0x78 CMakeFiles/Room_control_bMetal.dir/Src/gpio.c.obj
                0x080005fc                init_gpio
 .text.gpio_setup_pin
                0x08000674       0x58 CMakeFiles/Room_control_bMetal.dir/Src/gpio.c.obj
                0x08000674                gpio_setup_pin
 .text.set_gpio
                0x080006cc        0xc CMakeFiles/Room_control_bMetal.dir/Src/gpio.c.obj
                0x080006cc                set_gpio
 .text.clear_gpio
                0x080006d8        0xe CMakeFiles/Room_control_bMetal.dir/Src/gpio.c.obj
                0x080006d8                clear_gpio
 *fill*         0x080006e6        0x2 
 .text.rcc_init
                0x080006e8       0x18 CMakeFiles/Room_control_bMetal.dir/Src/rcc.c.obj
                0x080006e8                rcc_init
 .text.rcc_syscfg_clock_enable
                0x08000700       0x10 CMakeFiles/Room_control_bMetal.dir/Src/rcc.c.obj
                0x08000700                rcc_syscfg_clock_enable
 .text.rcc_tim3_clock_enable
                0x08000710       0x10 CMakeFiles/Room_control_bMetal.dir/Src/rcc.c.obj
                0x08000710                rcc_tim3_clock_enable
 .text.init_systick
                0x08000720       0x10 CMakeFiles/Room_control_bMetal.dir/Src/systick.c.obj
                0x08000720                init_systick
 .text.peripherals_init
                0x08000730       0x54 CMakeFiles/Room_control_bMetal.dir/Src/main.c.obj
 .text.main     0x08000784       0x4c CMakeFiles/Room_control_bMetal.dir/Src/main.c.obj
                0x08000784                main
 .text.SysTick_Handler
                0x080007d0       0x10 CMakeFiles/Room_control_bMetal.dir/Src/main.c.obj
                0x080007d0                SysTick_Handler
 .text.EXTI15_10_IRQHandler
                0x080007e0       0x24 CMakeFiles/Room_control_bMetal.dir/Src/main.c.obj
                0x080007e0                EXTI15_10_IRQHandler
 .text.USART2_IRQHandler
                0x08000804       0x20 CMakeFiles/Room_control_bMetal.dir/Src/main.c.obj
                0x08000804                USART2_IRQHandler
 .text.Reset_Handler
                0x08000824       0x50 CMakeFiles/Room_control_bMetal.dir/Startup/startup_stm32l476rgtx.s.obj
                0x08000824                Reset_Handler
 .text.Default_Handler
                0x08000874        0x2 CMakeFiles/Room_control_bMetal.dir/Startup/startup_stm32l476rgtx.s.obj
                0x08000874                EXTI2_IRQHandler
                0x08000874                TIM8_TRG_COM_IRQHandler
                0x08000874                TIM8_CC_IRQHandler
                0x08000874                DMA1_CH4_IRQHandler
                0x08000874                TIM1_CC_IRQHandler
                0x08000874                TSC_IRQHandler
                0x08000874                HardFault_Handler
                0x08000874                TAMP_STAMP_IRQHandler
                0x08000874                PendSV_Handler
                0x08000874                NMI_Handler
                0x08000874                EXTI3_IRQHandler
                0x08000874                LPTIM2_IRQHandler
                0x08000874                DFSDM1_FLT1_IRQHandler
                0x08000874                I2C3_ER_IRQHandler
                0x08000874                DFSDM1_FLT2_IRQHandler
                0x08000874                TIM6_DACUNDER_IRQHandler
                0x08000874                EXTI0_IRQHandler
                0x08000874                I2C2_EV_IRQHandler
                0x08000874                DMA2_CH1_IRQHandler
                0x08000874                CAN1_RX0_IRQHandler
                0x08000874                FPU_IRQHandler
                0x08000874                TIM1_UP_TIM16_IRQHandler
                0x08000874                DMA2_CH7_IRQHandler
                0x08000874                UsageFault_Handler
                0x08000874                ADC1_2_IRQHandler
                0x08000874                SPI1_IRQHandler
                0x08000874                DMA1_CH7_IRQHandler
                0x08000874                TIM8_UP_IRQHandler
                0x08000874                RTC_ALARM_IRQHandler
                0x08000874                SAI2_IRQHandler
                0x08000874                DFSDM1_FLT3_IRQHandler
                0x08000874                DMA1_CH6_IRQHandler
                0x08000874                USART3_IRQHandler
                0x08000874                CAN1_RX1_IRQHandler
                0x08000874                LCD_IRQHandler
                0x08000874                UART5_IRQHandler
                0x08000874                ADC3_IRQHandler
                0x08000874                TIM4_IRQHandler
                0x08000874                QUADSPI_IRQHandler
                0x08000874                I2C1_EV_IRQHandler
                0x08000874                DMA2_CH5_IRQHandler
                0x08000874                UART4_IRQHandler
                0x08000874                DMA1_CH3_IRQHandler
                0x08000874                TIM3_IRQHandler
                0x08000874                RCC_IRQHandler
                0x08000874                Default_Handler
                0x08000874                TIM7_IRQHandler
                0x08000874                SDMMC1_IRQHandler
                0x08000874                TIM5_IRQHandler
                0x08000874                I2C3_EV_IRQHandler
                0x08000874                EXTI9_5_IRQHandler
                0x08000874                DMA1_CH2_IRQHandler
                0x08000874                RTC_WKUP_IRQHandler
                0x08000874                PVD_PVM_IRQHandler
                0x08000874                SPI2_IRQHandler
                0x08000874                DMA1_CH1_IRQHandler
                0x08000874                MemManage_Handler
                0x08000874                CAN1_TX_IRQHandler
                0x08000874                SVC_Handler
                0x08000874                CRS_IRQHandler
                0x08000874                EXTI4_IRQHandler
                0x08000874                RNG_IRQHandler
                0x08000874                TIM1_TRG_COM_TIM17_IRQHandler
                0x08000874                COMP_IRQHandler
                0x08000874                WWDG_IRQHandler
                0x08000874                LPUART1_IRQHandler
                0x08000874                TIM2_IRQHandler
                0x08000874                EXTI1_IRQHandler
                0x08000874                DFSDM1_FLT0_IRQHandler
                0x08000874                I2C2_ER_IRQHandler
                0x08000874                TIM8_BRK_IRQHandler
                0x08000874                CAN1_SCE_IRQHandler
                0x08000874                FLASH_IRQHandler
                0x08000874                BusFault_Handler
                0x08000874                USART1_IRQHandler
                0x08000874                OTG_FS_IRQHandler
                0x08000874                SPI3_IRQHandler
                0x08000874                DMA2_CH6_IRQHandler
                0x08000874                DMA2_CH3_IRQHandler
                0x08000874                DMA2_CH2_IRQHandler
                0x08000874                I2C1_ER_IRQHandler
                0x08000874                FMC_IRQHandler
                0x08000874                DMA1_CH5_IRQHandler
                0x08000874                DMA2_CH4_IRQHandler
                0x08000874                SWPMI1_IRQHandler
                0x08000874                LPTIM1_IRQHandler
                0x08000874                SAI1_IRQHandler
                0x08000874                TIM1_BRK_TIM15_IRQHandler
 *fill*         0x08000876        0x2 
 .text.nvic_enable_irq
                0x08000878       0x20 CMakeFiles/Room_control_bMetal.dir/Src/nvic.c.obj
 .text.nvic_exti_pc13_button_enable
                0x08000898       0x48 CMakeFiles/Room_control_bMetal.dir/Src/nvic.c.obj
                0x08000898                nvic_exti_pc13_button_enable
 .text.nvic_usart2_irq_enable
                0x080008e0       0x18 CMakeFiles/Room_control_bMetal.dir/Src/nvic.c.obj
                0x080008e0                nvic_usart2_irq_enable
 *(.glue_7)
 .glue_7        0x080008f8        0x0 linker stubs
 *(.glue_7t)
 .glue_7t       0x080008f8        0x0 linker stubs
 *(.eh_frame)
 .eh_frame      0x080008f8        0x0 C:/ST/STM32CubeCLT_1.19.0/GNU-tools-for-STM32/bin/../lib/gcc/arm-none-eabi/13.3.1/thumb/v7e-m+fp/hard/crtbegin.o
 *(.init)
 .init          0x080008f8        0x4 C:/ST/STM32CubeCLT_1.19.0/GNU-tools-for-STM32/bin/../lib/gcc/arm-none-eabi/13.3.1/thumb/v7e-m+fp/hard/crti.o
                0x080008f8                _init
 .init          0x080008fc        0x8 C:/ST/STM32CubeCLT_1.19.0/GNU-tools-for-STM32/bin/../lib/gcc/arm-none-eabi/13.3.1/thumb/v7e-m+fp/hard/crtn.o
 *(.fini)
 .fini          0x08000904        0x4 C:/ST/STM32CubeCLT_1.19.0/GNU-tools-for-STM32/bin/../lib/gcc/arm-none-eabi/13.3.1/thumb/v7e-m+fp/hard/crti.o
                0x08000904                _fini
 .fini          0x08000908        0x8 C:/ST/STM32CubeCLT_1.19.0/GNU-tools-for-STM32/bin/../lib/gcc/arm-none-eabi/13.3.1/thumb/v7e-m+fp/hard/crtn.o
                0x08000910                        . = ALIGN (0x4)
                0x08000910                        _etext = .

.vfp11_veneer   0x08000910        0x0
 .vfp11_veneer  0x08000910        0x0 linker stubs

.v4_bx          0x08000910        0x0
 .v4_bx         0x08000910        0x0 linker stubs

.iplt           0x08000910        0x0
 .iplt          0x08000910        0x0 C:/ST/STM32CubeCLT_1.19.0/GNU-tools-for-STM32/bin/../lib/gcc/arm-none-eabi/13.3.1/thumb/v7e-m+fp/hard/crtbegin.o

.rodata         0x08000910       0xe8
                0x08000910                        . = ALIGN (0x4)
 *(.rodata)
 *(.rodata*)
 .rodata.room_control_app_init.str1.4
                0x08000910       0xe7 CMakeFiles/Room_control_bMetal.dir/Src/room_control.c.obj
                                 0x1c (size before relaxing)
 .rodata.room_control_on_button_press.str1.4
                0x080009f7       0x23 CMakeFiles/Room_control_bMetal.dir/Src/room_control.c.obj
 .rodata.room_control_on_uart_receive.str1.4
                0x080009f7       0x5e CMakeFiles/Room_control_bMetal.dir/Src/room_control.c.obj
 .rodata.room_control_update.str1.4
                0x080009f7       0x1a CMakeFiles/Room_control_bMetal.dir/Src/room_control.c.obj
 .rodata.main.str1.4
                0x080009f7       0x2b CMakeFiles/Room_control_bMetal.dir/Src/main.c.obj
                0x08000a58                        . = ALIGN (0x4)
 *fill*         0x080009f7        0x1 

.ARM.extab      0x080009f8        0x0
                0x080009f8                        . = ALIGN (0x4)
 *(.ARM.extab* .gnu.linkonce.armextab.*)
                0x080009f8                        . = ALIGN (0x4)

.ARM            0x080009f8        0x0
                0x080009f8                        . = ALIGN (0x4)
                0x080009f8                        __exidx_start = .
 *(.ARM.exidx*)
                0x080009f8                        __exidx_end = .
                0x080009f8                        . = ALIGN (0x4)

.preinit_array  0x080009f8        0x0
                0x080009f8                        . = ALIGN (0x4)
                0x080009f8                        PROVIDE (__preinit_array_start = .)
 *(.preinit_array*)
                0x080009f8                        PROVIDE (__preinit_array_end = .)
                0x080009f8                        . = ALIGN (0x4)

.init_array     0x080009f8        0x8
                0x080009f8                        . = ALIGN (0x4)
                0x080009f8                        PROVIDE (__init_array_start = .)
 *(SORT_BY_NAME(.init_array.*))
 .init_array.00000
                0x080009f8        0x4 C:/ST/STM32CubeCLT_1.19.0/GNU-tools-for-STM32/bin/../lib/gcc/arm-none-eabi/13.3.1/../../../../arm-none-eabi/lib/thumb/v7e-m+fp/hard\libc.a(libc_a-__call_atexit.o)
 *(.init_array*)
 .init_array    0x080009fc        0x4 C:/ST/STM32CubeCLT_1.19.0/GNU-tools-for-STM32/bin/../lib/gcc/arm-none-eabi/13.3.1/thumb/v7e-m+fp/hard/crtbegin.o
                0x08000a00                        PROVIDE (__init_array_end = .)
                0x08000a00                        . = ALIGN (0x4)

.fini_array     0x08000a00        0x4
                0x08000a00                        . = ALIGN (0x4)
                0x08000a00                        PROVIDE (__fini_array_start = .)
 *(SORT_BY_NAME(.fini_array.*))
 *(.fini_array*)
 .fini_array    0x08000a00        0x4 C:/ST/STM32CubeCLT_1.19.0/GNU-tools-for-STM32/bin/../lib/gcc/arm-none-eabi/13.3.1/thumb/v7e-m+fp/hard/crtbegin.o
                0x08000a04                        PROVIDE (__fini_array_end = .)
                0x08000a04                        . = ALIGN (0x4)
                0x08000a04                        _sidata = LOADADDR (.data)

.rel.dyn        0x08000a04        0x0
 .rel.iplt      0x08000a04        0x0 C:/ST/STM32CubeCLT_1.19.0/GNU-tools-for-STM32/bin/../lib/gcc/arm-none-eabi/13.3.1/thumb/v7e-m+fp/hard/crtbegin.o

.data           0x20000000        0x4 load address 0x08000a04
                0x20000000                        . = ALIGN (0x4)
                0x20000000                        _sdata = .
 *(.data)
 *(.data*)
 .data.__atexit_recursive_mutex
                0x20000000        0x4 C:/ST/STM32CubeCLT_1.19.0/GNU-tools-for-STM32/bin/../lib/gcc/arm-none-eabi/13.3.1/../../../../arm-none-eabi/lib/thumb/v7e-m+fp/hard\libc.a(libc_a-__call_atexit.o)
                0x20000000                __atexit_recursive_mutex
 *(.RamFunc)
 *(.RamFunc*)
                0x20000004                        . = ALIGN (0x4)
                0x20000004                        _edata = .

.igot.plt       0x20000004        0x0 load address 0x08000a08
 .igot.plt      0x20000004        0x0 C:/ST/STM32CubeCLT_1.19.0/GNU-tools-for-STM32/bin/../lib/gcc/arm-none-eabi/13.3.1/thumb/v7e-m+fp/hard/crtbegin.o
                0x20000004                        . = ALIGN (0x4)

.bss            0x20000004      0x1c4 load address 0x08000a08
                0x20000004                        _sbss = .
                0x20000004                        __bss_start__ = _sbss
 *(.bss)
 .bss           0x20000004       0x1c C:/ST/STM32CubeCLT_1.19.0/GNU-tools-for-STM32/bin/../lib/gcc/arm-none-eabi/13.3.1/thumb/v7e-m+fp/hard/crtbegin.o
 *(.bss*)
 .bss.__lock___atexit_recursive_mutex
                0x20000020        0x1 C:/ST/STM32CubeCLT_1.19.0/GNU-tools-for-STM32/bin/../lib/gcc/arm-none-eabi/13.3.1/../../../../arm-none-eabi/lib/thumb/v7e-m+fp/hard\libc.a(libc_a-lock.o)
                0x20000020                __lock___atexit_recursive_mutex
 *fill*         0x20000021        0x3 
 .bss.__atexit  0x20000024        0x4 C:/ST/STM32CubeCLT_1.19.0/GNU-tools-for-STM32/bin/../lib/gcc/arm-none-eabi/13.3.1/../../../../arm-none-eabi/lib/thumb/v7e-m+fp/hard\libc.a(libc_a-__call_atexit.o)
                0x20000024                __atexit
 .bss.__atexit0
                0x20000028      0x190 C:/ST/STM32CubeCLT_1.19.0/GNU-tools-for-STM32/bin/../lib/gcc/arm-none-eabi/13.3.1/../../../../arm-none-eabi/lib/thumb/v7e-m+fp/hard\libc.a(libc_a-__atexit.o)
                0x20000028                __atexit0
 .bss.last_action_time
                0x200001b8        0x4 CMakeFiles/Room_control_bMetal.dir/Src/room_control.c.obj
 .bss.current_state
                0x200001bc        0x1 CMakeFiles/Room_control_bMetal.dir/Src/room_control.c.obj
 *fill*         0x200001bd        0x3 
 .bss.ms_counter
                0x200001c0        0x4 CMakeFiles/Room_control_bMetal.dir/Src/main.c.obj
                0x200001c0                ms_counter
 .bss.uart_event_char
                0x200001c4        0x1 CMakeFiles/Room_control_bMetal.dir/Src/main.c.obj
                0x200001c4                uart_event_char
 .bss.button_event
                0x200001c5        0x1 CMakeFiles/Room_control_bMetal.dir/Src/main.c.obj
                0x200001c5                button_event
 *(COMMON)
                0x200001c8                        . = ALIGN (0x4)
 *fill*         0x200001c6        0x2 
                0x200001c8                        _ebss = .
                0x200001c8                        __bss_end__ = _ebss

._user_heap_stack
                0x200001c8      0x600 load address 0x08000a08
                0x200001c8                        . = ALIGN (0x8)
                [!provide]                        PROVIDE (end = .)
                0x200001c8                        PROVIDE (_end = .)
                0x200003c8                        . = (. + _Min_Heap_Size)
 *fill*         0x200001c8      0x200 
                0x200007c8                        . = (. + _Min_Stack_Size)
 *fill*         0x200003c8      0x400 
                0x200007c8                        . = ALIGN (0x8)

/DISCARD/
 libc.a(*)
 libm.a(*)
 libgcc.a(*)

.ARM.attributes
                0x00000000       0x30
 *(.ARM.attributes)
 .ARM.attributes
                0x00000000       0x22 C:/ST/STM32CubeCLT_1.19.0/GNU-tools-for-STM32/bin/../lib/gcc/arm-none-eabi/13.3.1/thumb/v7e-m+fp/hard/crti.o
 .ARM.attributes
                0x00000022       0x34 C:/ST/STM32CubeCLT_1.19.0/GNU-tools-for-STM32/bin/../lib/gcc/arm-none-eabi/13.3.1/thumb/v7e-m+fp/hard/crtbegin.o
 .ARM.attributes
                0x00000056       0x34 C:/ST/STM32CubeCLT_1.19.0/GNU-tools-for-STM32/bin/../lib/gcc/arm-none-eabi/13.3.1/../../../../arm-none-eabi/lib/thumb/v7e-m+fp/hard\libc.a(libc_a-init.o)
 .ARM.attributes
                0x0000008a       0x34 C:/ST/STM32CubeCLT_1.19.0/GNU-tools-for-STM32/bin/../lib/gcc/arm-none-eabi/13.3.1/../../../../arm-none-eabi/lib/thumb/v7e-m+fp/hard\libc.a(libc_a-lock.o)
 .ARM.attributes
                0x000000be       0x34 C:/ST/STM32CubeCLT_1.19.0/GNU-tools-for-STM32/bin/../lib/gcc/arm-none-eabi/13.3.1/../../../../arm-none-eabi/lib/thumb/v7e-m+fp/hard\libc.a(libc_a-__call_atexit.o)
 .ARM.attributes
                0x000000f2       0x34 C:/ST/STM32CubeCLT_1.19.0/GNU-tools-for-STM32/bin/../lib/gcc/arm-none-eabi/13.3.1/../../../../arm-none-eabi/lib/thumb/v7e-m+fp/hard\libc.a(libc_a-atexit.o)
 .ARM.attributes
                0x00000126       0x34 C:/ST/STM32CubeCLT_1.19.0/GNU-tools-for-STM32/bin/../lib/gcc/arm-none-eabi/13.3.1/../../../../arm-none-eabi/lib/thumb/v7e-m+fp/hard\libc.a(libc_a-fini.o)
 .ARM.attributes
                0x0000015a       0x34 C:/ST/STM32CubeCLT_1.19.0/GNU-tools-for-STM32/bin/../lib/gcc/arm-none-eabi/13.3.1/../../../../arm-none-eabi/lib/thumb/v7e-m+fp/hard\libc.a(libc_a-__atexit.o)
 .ARM.attributes
                0x0000018e       0x34 CMakeFiles/Room_control_bMetal.dir/Src/uart.c.obj
 .ARM.attributes
                0x000001c2       0x34 CMakeFiles/Room_control_bMetal.dir/Src/tim.c.obj
 .ARM.attributes
                0x000001f6       0x34 CMakeFiles/Room_control_bMetal.dir/Src/room_control.c.obj
 .ARM.attributes
                0x0000022a       0x34 CMakeFiles/Room_control_bMetal.dir/Src/gpio.c.obj
 .ARM.attributes
                0x0000025e       0x34 CMakeFiles/Room_control_bMetal.dir/Src/rcc.c.obj
 .ARM.attributes
                0x00000292       0x34 CMakeFiles/Room_control_bMetal.dir/Src/systick.c.obj
 .ARM.attributes
                0x000002c6       0x34 CMakeFiles/Room_control_bMetal.dir/Src/main.c.obj
 .ARM.attributes
                0x000002fa       0x21 CMakeFiles/Room_control_bMetal.dir/Startup/startup_stm32l476rgtx.s.obj
 .ARM.attributes
                0x0000031b       0x34 CMakeFiles/Room_control_bMetal.dir/Src/nvic.c.obj
 .ARM.attributes
                0x0000034f       0x22 C:/ST/STM32CubeCLT_1.19.0/GNU-tools-for-STM32/bin/../lib/gcc/arm-none-eabi/13.3.1/thumb/v7e-m+fp/hard/crtn.o
OUTPUT(Room_control_bMetal.elf elf32-littlearm)
LOAD linker stubs
LOAD C:/ST/STM32CubeCLT_1.19.0/GNU-tools-for-STM32/bin/../lib/gcc/arm-none-eabi/13.3.1/../../../../arm-none-eabi/lib/thumb/v7e-m+fp/hard\libc.a
LOAD C:/ST/STM32CubeCLT_1.19.0/GNU-tools-for-STM32/bin/../lib/gcc/arm-none-eabi/13.3.1/../../../../arm-none-eabi/lib/thumb/v7e-m+fp/hard\libm.a
LOAD C:/ST/STM32CubeCLT_1.19.0/GNU-tools-for-STM32/bin/../lib/gcc/arm-none-eabi/13.3.1/thumb/v7e-m+fp/hard\libgcc.a

.debug_frame    0x00000000      0x4b8
 .debug_frame   0x00000000       0x2c C:/ST/STM32CubeCLT_1.19.0/GNU-tools-for-STM32/bin/../lib/gcc/arm-none-eabi/13.3.1/../../../../arm-none-eabi/lib/thumb/v7e-m+fp/hard\libc.a(libc_a-init.o)
 .debug_frame   0x0000002c       0xb0 C:/ST/STM32CubeCLT_1.19.0/GNU-tools-for-STM32/bin/../lib/gcc/arm-none-eabi/13.3.1/../../../../arm-none-eabi/lib/thumb/v7e-m+fp/hard\libc.a(libc_a-lock.o)
 .debug_frame   0x000000dc       0x58 C:/ST/STM32CubeCLT_1.19.0/GNU-tools-for-STM32/bin/../lib/gcc/arm-none-eabi/13.3.1/../../../../arm-none-eabi/lib/thumb/v7e-m+fp/hard\libc.a(libc_a-__call_atexit.o)
 .debug_frame   0x00000134       0x20 C:/ST/STM32CubeCLT_1.19.0/GNU-tools-for-STM32/bin/../lib/gcc/arm-none-eabi/13.3.1/../../../../arm-none-eabi/lib/thumb/v7e-m+fp/hard\libc.a(libc_a-atexit.o)
 .debug_frame   0x00000154       0x38 C:/ST/STM32CubeCLT_1.19.0/GNU-tools-for-STM32/bin/../lib/gcc/arm-none-eabi/13.3.1/../../../../arm-none-eabi/lib/thumb/v7e-m+fp/hard\libc.a(libc_a-fini.o)
 .debug_frame   0x0000018c       0x34 C:/ST/STM32CubeCLT_1.19.0/GNU-tools-for-STM32/bin/../lib/gcc/arm-none-eabi/13.3.1/../../../../arm-none-eabi/lib/thumb/v7e-m+fp/hard\libc.a(libc_a-__atexit.o)
 .debug_frame   0x000001c0       0x68 CMakeFiles/Room_control_bMetal.dir/Src/uart.c.obj
 .debug_frame   0x00000228       0x38 CMakeFiles/Room_control_bMetal.dir/Src/tim.c.obj
 .debug_frame   0x00000260       0x70 CMakeFiles/Room_control_bMetal.dir/Src/room_control.c.obj
 .debug_frame   0x000002d0       0x70 CMakeFiles/Room_control_bMetal.dir/Src/gpio.c.obj
 .debug_frame   0x00000340       0x70 CMakeFiles/Room_control_bMetal.dir/Src/rcc.c.obj
 .debug_frame   0x000003b0       0x20 CMakeFiles/Room_control_bMetal.dir/Src/systick.c.obj
 .debug_frame   0x000003d0       0x78 CMakeFiles/Room_control_bMetal.dir/Src/main.c.obj
 .debug_frame   0x00000448       0x70 CMakeFiles/Room_control_bMetal.dir/Src/nvic.c.obj

.debug_info     0x00000000     0x1dcd
 .debug_info    0x00000000      0x45f CMakeFiles/Room_control_bMetal.dir/Src/uart.c.obj
 .debug_info    0x0000045f      0x337 CMakeFiles/Room_control_bMetal.dir/Src/tim.c.obj
 .debug_info    0x00000796      0x59c CMakeFiles/Room_control_bMetal.dir/Src/room_control.c.obj
 .debug_info    0x00000d32      0x2b4 CMakeFiles/Room_control_bMetal.dir/Src/gpio.c.obj
 .debug_info    0x00000fe6      0x2a5 CMakeFiles/Room_control_bMetal.dir/Src/rcc.c.obj
 .debug_info    0x0000128b       0xe4 CMakeFiles/Room_control_bMetal.dir/Src/systick.c.obj
 .debug_info    0x0000136f      0x520 CMakeFiles/Room_control_bMetal.dir/Src/main.c.obj
 .debug_info    0x0000188f       0x30 CMakeFiles/Room_control_bMetal.dir/Startup/startup_stm32l476rgtx.s.obj
 .debug_info    0x000018bf      0x50e CMakeFiles/Room_control_bMetal.dir/Src/nvic.c.obj

.debug_abbrev   0x00000000      0x8bb
 .debug_abbrev  0x00000000       0xf7 CMakeFiles/Room_control_bMetal.dir/Src/uart.c.obj
 .debug_abbrev  0x000000f7      0x12a CMakeFiles/Room_control_bMetal.dir/Src/tim.c.obj
 .debug_abbrev  0x00000221      0x156 CMakeFiles/Room_control_bMetal.dir/Src/room_control.c.obj
 .debug_abbrev  0x00000377      0x122 CMakeFiles/Room_control_bMetal.dir/Src/gpio.c.obj
 .debug_abbrev  0x00000499       0x92 CMakeFiles/Room_control_bMetal.dir/Src/rcc.c.obj
 .debug_abbrev  0x0000052b       0x8e CMakeFiles/Room_control_bMetal.dir/Src/systick.c.obj
 .debug_abbrev  0x000005b9      0x171 CMakeFiles/Room_control_bMetal.dir/Src/main.c.obj
 .debug_abbrev  0x0000072a       0x24 CMakeFiles/Room_control_bMetal.dir/Startup/startup_stm32l476rgtx.s.obj
 .debug_abbrev  0x0000074e      0x16d CMakeFiles/Room_control_bMetal.dir/Src/nvic.c.obj

.debug_loclists
                0x00000000      0x311
 .debug_loclists
                0x00000000       0x2b CMakeFiles/Room_control_bMetal.dir/Src/uart.c.obj
 .debug_loclists
                0x0000002b       0x5a CMakeFiles/Room_control_bMetal.dir/Src/tim.c.obj
 .debug_loclists
                0x00000085       0xec CMakeFiles/Room_control_bMetal.dir/Src/room_control.c.obj
 .debug_loclists
                0x00000171       0xff CMakeFiles/Room_control_bMetal.dir/Src/gpio.c.obj
 .debug_loclists
                0x00000270       0x17 CMakeFiles/Room_control_bMetal.dir/Src/main.c.obj
 .debug_loclists
                0x00000287       0x8a CMakeFiles/Room_control_bMetal.dir/Src/nvic.c.obj

.debug_aranges  0x00000000      0x1f0
 .debug_aranges
                0x00000000       0x40 CMakeFiles/Room_control_bMetal.dir/Src/uart.c.obj
 .debug_aranges
                0x00000040       0x28 CMakeFiles/Room_control_bMetal.dir/Src/tim.c.obj
 .debug_aranges
                0x00000068       0x38 CMakeFiles/Room_control_bMetal.dir/Src/room_control.c.obj
 .debug_aranges
                0x000000a0       0x40 CMakeFiles/Room_control_bMetal.dir/Src/gpio.c.obj
 .debug_aranges
                0x000000e0       0x48 CMakeFiles/Room_control_bMetal.dir/Src/rcc.c.obj
 .debug_aranges
                0x00000128       0x20 CMakeFiles/Room_control_bMetal.dir/Src/systick.c.obj
 .debug_aranges
                0x00000148       0x40 CMakeFiles/Room_control_bMetal.dir/Src/main.c.obj
 .debug_aranges
                0x00000188       0x28 CMakeFiles/Room_control_bMetal.dir/Startup/startup_stm32l476rgtx.s.obj
 .debug_aranges
                0x000001b0       0x40 CMakeFiles/Room_control_bMetal.dir/Src/nvic.c.obj

.debug_rnglists
                0x00000000      0x148
 .debug_rnglists
                0x00000000       0x2b CMakeFiles/Room_control_bMetal.dir/Src/uart.c.obj
 .debug_rnglists
                0x0000002b       0x19 CMakeFiles/Room_control_bMetal.dir/Src/tim.c.obj
 .debug_rnglists
                0x00000044       0x26 CMakeFiles/Room_control_bMetal.dir/Src/room_control.c.obj
 .debug_rnglists
                0x0000006a       0x2b CMakeFiles/Room_control_bMetal.dir/Src/gpio.c.obj
 .debug_rnglists
                0x00000095       0x31 CMakeFiles/Room_control_bMetal.dir/Src/rcc.c.obj
 .debug_rnglists
                0x000000c6       0x13 CMakeFiles/Room_control_bMetal.dir/Src/systick.c.obj
 .debug_rnglists
                0x000000d9       0x2b CMakeFiles/Room_control_bMetal.dir/Src/main.c.obj
 .debug_rnglists
                0x00000104       0x19 CMakeFiles/Room_control_bMetal.dir/Startup/startup_stm32l476rgtx.s.obj
 .debug_rnglists
                0x0000011d       0x2b CMakeFiles/Room_control_bMetal.dir/Src/nvic.c.obj

.debug_macro    0x00000000     0x15b5
 .debug_macro   0x00000000       0x7e CMakeFiles/Room_control_bMetal.dir/Src/uart.c.obj
 .debug_macro   0x0000007e      0xacc CMakeFiles/Room_control_bMetal.dir/Src/uart.c.obj
 .debug_macro   0x00000b4a       0x22 CMakeFiles/Room_control_bMetal.dir/Src/uart.c.obj
 .debug_macro   0x00000b6c       0x8e CMakeFiles/Room_control_bMetal.dir/Src/uart.c.obj
 .debug_macro   0x00000bfa       0x51 CMakeFiles/Room_control_bMetal.dir/Src/uart.c.obj
 .debug_macro   0x00000c4b      0x103 CMakeFiles/Room_control_bMetal.dir/Src/uart.c.obj
 .debug_macro   0x00000d4e       0x6a CMakeFiles/Room_control_bMetal.dir/Src/uart.c.obj
 .debug_macro   0x00000db8      0x1df CMakeFiles/Room_control_bMetal.dir/Src/uart.c.obj
 .debug_macro   0x00000f97       0x76 CMakeFiles/Room_control_bMetal.dir/Src/uart.c.obj
 .debug_macro   0x0000100d       0x16 CMakeFiles/Room_control_bMetal.dir/Src/uart.c.obj
 .debug_macro   0x00001023       0x16 CMakeFiles/Room_control_bMetal.dir/Src/uart.c.obj
 .debug_macro   0x00001039       0x8c CMakeFiles/Room_control_bMetal.dir/Src/tim.c.obj
 .debug_macro   0x000010c5       0x34 CMakeFiles/Room_control_bMetal.dir/Src/tim.c.obj
 .debug_macro   0x000010f9       0xa3 CMakeFiles/Room_control_bMetal.dir/Src/room_control.c.obj
 .debug_macro   0x0000119c       0x10 CMakeFiles/Room_control_bMetal.dir/Src/room_control.c.obj
 .debug_macro   0x000011ac       0x10 CMakeFiles/Room_control_bMetal.dir/Src/room_control.c.obj
 .debug_macro   0x000011bc       0x3a CMakeFiles/Room_control_bMetal.dir/Src/room_control.c.obj
 .debug_macro   0x000011f6       0x72 CMakeFiles/Room_control_bMetal.dir/Src/gpio.c.obj
 .debug_macro   0x00001268       0x70 CMakeFiles/Room_control_bMetal.dir/Src/gpio.c.obj
 .debug_macro   0x000012d8       0x72 CMakeFiles/Room_control_bMetal.dir/Src/rcc.c.obj
 .debug_macro   0x0000134a       0x10 CMakeFiles/Room_control_bMetal.dir/Src/rcc.c.obj
 .debug_macro   0x0000135a       0x72 CMakeFiles/Room_control_bMetal.dir/Src/systick.c.obj
 .debug_macro   0x000013cc       0xb0 CMakeFiles/Room_control_bMetal.dir/Src/main.c.obj
 .debug_macro   0x0000147c       0x4c CMakeFiles/Room_control_bMetal.dir/Src/main.c.obj
 .debug_macro   0x000014c8       0x16 CMakeFiles/Room_control_bMetal.dir/Src/main.c.obj
 .debug_macro   0x000014de       0x91 CMakeFiles/Room_control_bMetal.dir/Src/nvic.c.obj
 .debug_macro   0x0000156f       0x46 CMakeFiles/Room_control_bMetal.dir/Src/nvic.c.obj

.debug_line     0x00000000     0x1e6e
 .debug_line    0x00000000      0x3e3 CMakeFiles/Room_control_bMetal.dir/Src/uart.c.obj
 .debug_line    0x000003e3      0x35a CMakeFiles/Room_control_bMetal.dir/Src/tim.c.obj
 .debug_line    0x0000073d      0x46a CMakeFiles/Room_control_bMetal.dir/Src/room_control.c.obj
 .debug_line    0x00000ba7      0x442 CMakeFiles/Room_control_bMetal.dir/Src/gpio.c.obj
 .debug_line    0x00000fe9      0x377 CMakeFiles/Room_control_bMetal.dir/Src/rcc.c.obj
 .debug_line    0x00001360      0x2e5 CMakeFiles/Room_control_bMetal.dir/Src/systick.c.obj
 .debug_line    0x00001645      0x3f0 CMakeFiles/Room_control_bMetal.dir/Src/main.c.obj
 .debug_line    0x00001a35       0x7b CMakeFiles/Room_control_bMetal.dir/Startup/startup_stm32l476rgtx.s.obj
 .debug_line    0x00001ab0      0x3be CMakeFiles/Room_control_bMetal.dir/Src/nvic.c.obj

.debug_str      0x00000000     0x49ac
 .debug_str     0x00000000     0x49ac CMakeFiles/Room_control_bMetal.dir/Src/uart.c.obj
                               0x420e (size before relaxing)
 .debug_str     0x000049ac     0x41fa CMakeFiles/Room_control_bMetal.dir/Src/tim.c.obj
 .debug_str     0x000049ac     0x42f4 CMakeFiles/Room_control_bMetal.dir/Src/room_control.c.obj
 .debug_str     0x000049ac     0x403e CMakeFiles/Room_control_bMetal.dir/Src/gpio.c.obj
 .debug_str     0x000049ac     0x3f8a CMakeFiles/Room_control_bMetal.dir/Src/rcc.c.obj
 .debug_str     0x000049ac     0x3e06 CMakeFiles/Room_control_bMetal.dir/Src/systick.c.obj
 .debug_str     0x000049ac     0x450a CMakeFiles/Room_control_bMetal.dir/Src/main.c.obj
 .debug_str     0x000049ac       0xa2 CMakeFiles/Room_control_bMetal.dir/Startup/startup_stm32l476rgtx.s.obj
 .debug_str     0x000049ac     0x436b CMakeFiles/Room_control_bMetal.dir/Src/nvic.c.obj

.comment        0x00000000       0x43
 .comment       0x00000000       0x43 CMakeFiles/Room_control_bMetal.dir/Src/uart.c.obj
                                 0x44 (size before relaxing)
 .comment       0x00000043       0x44 CMakeFiles/Room_control_bMetal.dir/Src/tim.c.obj
 .comment       0x00000043       0x44 CMakeFiles/Room_control_bMetal.dir/Src/room_control.c.obj
 .comment       0x00000043       0x44 CMakeFiles/Room_control_bMetal.dir/Src/gpio.c.obj
 .comment       0x00000043       0x44 CMakeFiles/Room_control_bMetal.dir/Src/rcc.c.obj
 .comment       0x00000043       0x44 CMakeFiles/Room_control_bMetal.dir/Src/systick.c.obj
 .comment       0x00000043       0x44 CMakeFiles/Room_control_bMetal.dir/Src/main.c.obj
 .comment       0x00000043       0x44 CMakeFiles/Room_control_bMetal.dir/Src/nvic.c.obj

.debug_line_str
                0x00000000       0x86
 .debug_line_str
                0x00000000       0x86 CMakeFiles/Room_control_bMetal.dir/Startup/startup_stm32l476rgtx.s.obj
